// Jest Snapshot v1, https://goo.gl/fbAQLP

exports[`Button Component Button renders correctly 1`] = `
<button
  className="MuiButtonBase-root-16 MuiButton-root-1"
  disabled={false}
  onBlur={[Function]}
  onFocus={[Function]}
  onKeyDown={[Function]}
  onKeyUp={[Function]}
  onMouseDown={[Function]}
  onMouseLeave={[Function]}
  onMouseUp={[Function]}
  onTouchEnd={[Function]}
  onTouchMove={[Function]}
  onTouchStart={[Function]}
  style={
    Object {
      "borderRadius": 0,
    }
  }
  tabIndex="0"
  type="button"
>
  <span
    className="MuiButton-label-2"
  >
    Click me!
  </span>
  <span
    className="MuiTouchRipple-root-19"
  />
</button>
`;
