// Jest Snapshot v1, https://goo.gl/fbAQLP

exports[`ProfileImage Component ProfileImage renders correctly 1`] = `
Array [
  <div
    className="MuiAvatar-root-1 MuiAvatar-colorDefault-2"
    onClick={[Function]}
    style={
        Object {
            "height": 100,
            "width": 100,
          }
    }
>
    <svg
        aria-hidden="true"
        className="MuiSvgIcon-root-4"
        color={undefined}
        focusable="false"
        viewBox="0 0 24 24"
    >
        <path
            d="M3 4V1h2v3h3v2H5v3H3V6H0V4h3zm3 6V7h3V4h7l1.83 2H21c1.1 0 2 .9 2 2v12c0 1.1-.9 2-2 2H5c-1.1 0-2-.9-2-2V10h3zm7 9c2.76 0 5-2.24 5-5s-2.24-5-5-5-5 2.24-5 5 2.24 5 5 5zm-3.2-5c0 1.77 1.43 3.2 3.2 3.2s3.2-1.43 3.2-3.2-1.43-3.2-3.2-3.2-3.2 1.43-3.2 3.2z"
        />
    </svg>
</div>,
  <input
    accept="image/*"
    onChange={[Function]}
    style={
        Object {
            "display": "none",
          }
    }
    type="file"
/>,
]
`;
